Archive member included to satisfy reference by file (symbol)

C:/ST/STM32CubeIDE_1.16.1/STM32CubeIDE/plugins/com.st.stm32cube.ide.mcu.externaltools.gnu-tools-for-stm32.12.3.rel1.win32_1.0.200.202406191623/tools/bin/../lib/gcc/arm-none-eabi/12.3.1/../../../../arm-none-eabi/lib/thumb/v7e-m+fp/hard\libc_nano.a(libc_a-exit.o)
                              C:/ST/STM32CubeIDE_1.16.1/STM32CubeIDE/plugins/com.st.stm32cube.ide.mcu.externaltools.gnu-tools-for-stm32.12.3.rel1.win32_1.0.200.202406191623/tools/bin/../lib/gcc/arm-none-eabi/12.3.1/../../../../arm-none-eabi/lib/thumb/v7e-m+fp/hard/crt0.o (exit)
C:/ST/STM32CubeIDE_1.16.1/STM32CubeIDE/plugins/com.st.stm32cube.ide.mcu.externaltools.gnu-tools-for-stm32.12.3.rel1.win32_1.0.200.202406191623/tools/bin/../lib/gcc/arm-none-eabi/12.3.1/../../../../arm-none-eabi/lib/thumb/v7e-m+fp/hard\libc_nano.a(libc_a-findfp.o)
                              C:/ST/STM32CubeIDE_1.16.1/STM32CubeIDE/plugins/com.st.stm32cube.ide.mcu.externaltools.gnu-tools-for-stm32.12.3.rel1.win32_1.0.200.202406191623/tools/bin/../lib/gcc/arm-none-eabi/12.3.1/../../../../arm-none-eabi/lib/thumb/v7e-m+fp/hard\libc_nano.a(libc_a-exit.o) (__stdio_exit_handler)
C:/ST/STM32CubeIDE_1.16.1/STM32CubeIDE/plugins/com.st.stm32cube.ide.mcu.externaltools.gnu-tools-for-stm32.12.3.rel1.win32_1.0.200.202406191623/tools/bin/../lib/gcc/arm-none-eabi/12.3.1/../../../../arm-none-eabi/lib/thumb/v7e-m+fp/hard\libc_nano.a(libc_a-fwalk.o)
                              C:/ST/STM32CubeIDE_1.16.1/STM32CubeIDE/plugins/com.st.stm32cube.ide.mcu.externaltools.gnu-tools-for-stm32.12.3.rel1.win32_1.0.200.202406191623/tools/bin/../lib/gcc/arm-none-eabi/12.3.1/../../../../arm-none-eabi/lib/thumb/v7e-m+fp/hard\libc_nano.a(libc_a-findfp.o) (_fwalk_sglue)
C:/ST/STM32CubeIDE_1.16.1/STM32CubeIDE/plugins/com.st.stm32cube.ide.mcu.externaltools.gnu-tools-for-stm32.12.3.rel1.win32_1.0.200.202406191623/tools/bin/../lib/gcc/arm-none-eabi/12.3.1/../../../../arm-none-eabi/lib/thumb/v7e-m+fp/hard\libc_nano.a(libc_a-stdio.o)
                              C:/ST/STM32CubeIDE_1.16.1/STM32CubeIDE/plugins/com.st.stm32cube.ide.mcu.externaltools.gnu-tools-for-stm32.12.3.rel1.win32_1.0.200.202406191623/tools/bin/../lib/gcc/arm-none-eabi/12.3.1/../../../../arm-none-eabi/lib/thumb/v7e-m+fp/hard\libc_nano.a(libc_a-findfp.o) (__sread)
C:/ST/STM32CubeIDE_1.16.1/STM32CubeIDE/plugins/com.st.stm32cube.ide.mcu.externaltools.gnu-tools-for-stm32.12.3.rel1.win32_1.0.200.202406191623/tools/bin/../lib/gcc/arm-none-eabi/12.3.1/../../../../arm-none-eabi/lib/thumb/v7e-m+fp/hard\libc_nano.a(libc_a-memset.o)
                              C:/ST/STM32CubeIDE_1.16.1/STM32CubeIDE/plugins/com.st.stm32cube.ide.mcu.externaltools.gnu-tools-for-stm32.12.3.rel1.win32_1.0.200.202406191623/tools/bin/../lib/gcc/arm-none-eabi/12.3.1/../../../../arm-none-eabi/lib/thumb/v7e-m+fp/hard/crt0.o (memset)
C:/ST/STM32CubeIDE_1.16.1/STM32CubeIDE/plugins/com.st.stm32cube.ide.mcu.externaltools.gnu-tools-for-stm32.12.3.rel1.win32_1.0.200.202406191623/tools/bin/../lib/gcc/arm-none-eabi/12.3.1/../../../../arm-none-eabi/lib/thumb/v7e-m+fp/hard\libc_nano.a(libc_a-closer.o)
                              C:/ST/STM32CubeIDE_1.16.1/STM32CubeIDE/plugins/com.st.stm32cube.ide.mcu.externaltools.gnu-tools-for-stm32.12.3.rel1.win32_1.0.200.202406191623/tools/bin/../lib/gcc/arm-none-eabi/12.3.1/../../../../arm-none-eabi/lib/thumb/v7e-m+fp/hard\libc_nano.a(libc_a-stdio.o) (_close_r)
C:/ST/STM32CubeIDE_1.16.1/STM32CubeIDE/plugins/com.st.stm32cube.ide.mcu.externaltools.gnu-tools-for-stm32.12.3.rel1.win32_1.0.200.202406191623/tools/bin/../lib/gcc/arm-none-eabi/12.3.1/../../../../arm-none-eabi/lib/thumb/v7e-m+fp/hard\libc_nano.a(libc_a-reent.o)
                              C:/ST/STM32CubeIDE_1.16.1/STM32CubeIDE/plugins/com.st.stm32cube.ide.mcu.externaltools.gnu-tools-for-stm32.12.3.rel1.win32_1.0.200.202406191623/tools/bin/../lib/gcc/arm-none-eabi/12.3.1/../../../../arm-none-eabi/lib/thumb/v7e-m+fp/hard\libc_nano.a(libc_a-closer.o) (errno)
C:/ST/STM32CubeIDE_1.16.1/STM32CubeIDE/plugins/com.st.stm32cube.ide.mcu.externaltools.gnu-tools-for-stm32.12.3.rel1.win32_1.0.200.202406191623/tools/bin/../lib/gcc/arm-none-eabi/12.3.1/../../../../arm-none-eabi/lib/thumb/v7e-m+fp/hard\libc_nano.a(libc_a-impure.o)
                              C:/ST/STM32CubeIDE_1.16.1/STM32CubeIDE/plugins/com.st.stm32cube.ide.mcu.externaltools.gnu-tools-for-stm32.12.3.rel1.win32_1.0.200.202406191623/tools/bin/../lib/gcc/arm-none-eabi/12.3.1/../../../../arm-none-eabi/lib/thumb/v7e-m+fp/hard\libc_nano.a(libc_a-reent.o) (_impure_ptr)
C:/ST/STM32CubeIDE_1.16.1/STM32CubeIDE/plugins/com.st.stm32cube.ide.mcu.externaltools.gnu-tools-for-stm32.12.3.rel1.win32_1.0.200.202406191623/tools/bin/../lib/gcc/arm-none-eabi/12.3.1/../../../../arm-none-eabi/lib/thumb/v7e-m+fp/hard\libc_nano.a(libc_a-lseekr.o)
[...]
Memory Configuration

Name             Origin             Length             Attributes
CCMRAM           0x10000000         0x00001000         xrw
RAM              0x20000000         0x00003000         xrw
FLASH            0x08000000         0x00010000         xr
*default*        0x00000000         0xffffffff

Linker script and memory map

LOAD C:/ST/STM32CubeIDE_1.16.1/STM32CubeIDE/plugins/com.st.stm32cube.ide.mcu.externaltools.gnu-tools-for-stm32.12.3.rel1.win32_1.0.200.202406191623/tools/bin/../lib/gcc/arm-none-eabi/12.3.1/thumb/v7e-m+fp/hard/crti.o
LOAD C:/ST/STM32CubeIDE_1.16.1/STM32CubeIDE/plugins/com.st.stm32cube.ide.mcu.externaltools.gnu-tools-for-stm32.12.3.rel1.win32_1.0.200.202406191623/tools/bin/../lib/gcc/arm-none-eabi/12.3.1/thumb/v7e-m+fp/hard/crtbegin.o
LOAD C:/ST/STM32CubeIDE_1.16.1/STM32CubeIDE/plugins/com.st.stm32cube.ide.mcu.externaltools.gnu-tools-for-stm32.12.3.rel1.win32_1.0.200.202406191623/tools/bin/../lib/gcc/arm-none-eabi/12.3.1/../../../../arm-none-eabi/lib/thumb/v7e-m+fp/hard/crt0.o
LOAD ./Core/Src/dma.o
LOAD ./Core/Src/gpio.o
LOAD ./Core/Src/i2c.o
LOAD ./Core/Src/main.o
LOAD ./Core/Src/stm32f3xx_hal_msp.o
LOAD ./Core/Src/stm32f3xx_it.o
LOAD ./Core/Src/syscalls.o
LOAD ./Core/Src/sysmem.o
LOAD ./Core/Src/system_stm32f3xx.o
LOAD ./Core/Src/usart.o
LOAD ./Core/Startup/startup_stm32f303k8tx.o
LOAD ./Drivers/STM32F3xx_HAL_Driver/Src/stm32f3xx_hal.o
LOAD ./Drivers/STM32F3xx_HAL_Driver/Src/stm32f3xx_hal_cortex.o
LOAD ./Drivers/STM32F3xx_HAL_Driver/Src/stm32f3xx_hal_dma.o
LOAD ./Drivers/STM32F3xx_HAL_Driver/Src/stm32f3xx_hal_exti.o
LOAD ./Drivers/STM32F3xx_HAL_Driver/Src/stm32f3xx_hal_flash.o
LOAD ./Drivers/STM32F3xx_HAL_Driver/Src/stm32f3xx_hal_flash_ex.o
LOAD ./Drivers/STM32F3xx_HAL_Driver/Src/stm32f3xx_hal_gpio.o
LOAD ./Drivers/STM32F3xx_HAL_Driver/Src/stm32f3xx_hal_i2c.o
LOAD ./Drivers/STM32F3xx_HAL_Driver/Src/stm32f3xx_hal_i2c_ex.o
LOAD ./Drivers/STM32F3xx_HAL_Driver/Src/stm32f3xx_hal_pwr.o
LOAD ./Drivers/STM32F3xx_HAL_Driver/Src/stm32f3xx_hal_pwr_ex.o
LOAD ./Drivers/STM32F3xx_HAL_Driver/Src/stm32f3xx_hal_rcc.o
LOAD ./Drivers/STM32F3xx_HAL_Driver/Src/stm32f3xx_hal_rcc_ex.o
LOAD ./Drivers/STM32F3xx_HAL_Driver/Src/stm32f3xx_hal_tim.o
LOAD ./Drivers/STM32F3xx_HAL_Driver/Src/stm32f3xx_hal_tim_ex.o
LOAD ./Drivers/STM32F3xx_HAL_Driver/Src/stm32f3xx_ll_dma.o
LOAD ./Drivers/STM32F3xx_HAL_Driver/Src/stm32f3xx_ll_exti.o
LOAD ./Drivers/STM32F3xx_HAL_Driver/Src/stm32f3xx_ll_gpio.o
LOAD ./Drivers/STM32F3xx_HAL_Driver/Src/stm32f3xx_ll_i2c.o
LOAD ./Drivers/STM32F3xx_HAL_Driver/Src/stm32f3xx_ll_rcc.o
LOAD ./Drivers/STM32F3xx_HAL_Driver/Src/stm32f3xx_ll_usart.o
LOAD ./Drivers/STM32F3xx_HAL_Driver/Src/stm32f3xx_ll_utils.o
LOAD ./HTS221/HTS221.o
LOAD ./LPS25HB/LPS25HB.o
START GROUP
LOAD C:/ST/STM32CubeIDE_1.16.1/STM32CubeIDE/plugins/com.st.stm32cube.ide.mcu.externaltools.gnu-tools-for-stm32.12.3.rel1.win32_1.0.200.202406191623/tools/bin/../lib/gcc/arm-none-eabi/12.3.1/../../../../arm-none-eabi/lib/thumb/v7e-m+fp/hard\libc_nano.a
LOAD C:/ST/STM32CubeIDE_1.16.1/STM32CubeIDE/plugins/com.st.stm32cube.ide.mcu.externaltools.gnu-tools-for-stm32.12.3.rel1.win32_1.0.200.202406191623/tools/bin/../lib/gcc/arm-none-eabi/12.3.1/../../../../arm-none-eabi/lib/thumb/v7e-m+fp/hard\libm.a
END GROUP
START GROUP
LOAD C:/ST/STM32CubeIDE_1.16.1/STM32CubeIDE/plugins/com.st.stm32cube.ide.mcu.externaltools.gnu-tools-for-stm32.12.3.rel1.win32_1.0.200.202406191623/tools/bin/../lib/gcc/arm-none-eabi/12.3.1/thumb/v7e-m+fp/hard\libgcc.a
LOAD C:/ST/STM32CubeIDE_1.16.1/STM32CubeIDE/plugins/com.st.stm32cube.ide.mcu.externaltools.gnu-tools-for-stm32.12.3.rel1.win32_1.0.200.202406191623/tools/bin/../lib/gcc/arm-none-eabi/12.3.1/../../../../arm-none-eabi/lib/thumb/v7e-m+fp/hard\libc_nano.a
END GROUP
START GROUP
LOAD C:/ST/STM32CubeIDE_1.16.1/STM32CubeIDE/plugins/com.st.stm32cube.ide.mcu.externaltools.gnu-tools-for-stm32.12.3.rel1.win32_1.0.200.202406191623/tools/bin/../lib/gcc/arm-none-eabi/12.3.1/thumb/v7e-m+fp/hard\libgcc.a
LOAD C:/ST/STM32CubeIDE_1.16.1/STM32CubeIDE/plugins/com.st.stm32cube.ide.mcu.externaltools.gnu-tools-for-stm32.12.3.rel1.win32_1.0.200.202406191623/tools/bin/../lib/gcc/arm-none-eabi/12.3.1/../../../../arm-none-eabi/lib/thumb/v7e-m+fp/hard\libc_nano.a
LOAD C:/ST/STM32CubeIDE_1.16.1/STM32CubeIDE/plugins/com.st.stm32cube.ide.mcu.externaltools.gnu-tools-for-stm32.12.3.rel1.win32_1.0.200.202406191623/tools/bin/../lib/gcc/arm-none-eabi/12.3.1/../../../../arm-none-eabi/lib/thumb/v7e-m+fp/hard\libnosys.a
END GROUP
START GROUP
LOAD C:/ST/STM32CubeIDE_1.16.1/STM32CubeIDE/plugins/com.st.stm32cube.ide.mcu.externaltools.gnu-tools-for-stm32.12.3.rel1.win32_1.0.200.202406191623/tools/bin/../lib/gcc/arm-none-eabi/12.3.1/thumb/v7e-m+fp/hard\libgcc.a
LOAD C:/ST/STM32CubeIDE_1.16.1/STM32CubeIDE/plugins/com.st.stm32cube.ide.mcu.externaltools.gnu-tools-for-stm32.12.3.rel1.win32_1.0.200.202406191623/tools/bin/../lib/gcc/arm-none-eabi/12.3.1/../../../../arm-none-eabi/lib/thumb/v7e-m+fp/hard\libc_nano.a
LOAD C:/ST/STM32CubeIDE_1.16.1/STM32CubeIDE/plugins/com.st.stm32cube.ide.mcu.externaltools.gnu-tools-for-stm32.12.3.rel1.win32_1.0.200.202406191623/tools/bin/../lib/gcc/arm-none-eabi/12.3.1/../../../../arm-none-eabi/lib/thumb/v7e-m+fp/hard\libnosys.a
END GROUP
LOAD C:/ST/STM32CubeIDE_1.16.1/STM32CubeIDE/plugins/com.st.stm32cube.ide.mcu.externaltools.gnu-tools-for-stm32.12.3.rel1.win32_1.0.200.202406191623/tools/bin/../lib/gcc/arm-none-eabi/12.3.1/thumb/v7e-m+fp/hard/crtend.o
LOAD C:/ST/STM32CubeIDE_1.16.1/STM32CubeIDE/plugins/com.st.stm32cube.ide.mcu.externaltools.gnu-tools-for-stm32.12.3.rel1.win32_1.0.200.202406191623/tools/bin/../lib/gcc/arm-none-eabi/12.3.1/thumb/v7e-m+fp/hard/crtn.o
                0x20003000                        _estack = (ORIGIN (RAM) + LENGTH (RAM))
                0x00000200                        _Min_Heap_Size = 0x200
                0x00000400                        _Min_Stack_Size = 0x400

.isr_vector     0x08000000      0x188
                0x08000000                        . = ALIGN (0x4)
 *(.isr_vector)
 .isr_vector    0x08000000      0x188 ./Core/Startup/startup_stm32f303k8tx.o
                0x08000000                g_pfnVectors
                0x08000188                        . = ALIGN (0x4)

.text           0x08000188     0x2378
                0x08000188                        . = ALIGN (0x4)
 *(.text)
 .text          0x08000188       0x40 C:/ST/STM32CubeIDE_1.16.1/STM32CubeIDE/plugins/com.st.stm32cube.ide.mcu.externaltools.gnu-tools-for-stm32.12.3.rel1.win32_1.0.200.202406191623/tools/bin/../lib/gcc/arm-none-eabi/12.3.1/thumb/v7e-m+fp/hard/crtbegin.o
 *(.text*)
 .text.__NVIC_GetPriorityGrouping
                0x080001c8       0x1c ./Core/Src/dma.o
 .text.__NVIC_EnableIRQ
                0x080001e4       0x3c ./Core/Src/dma.o
 .text.__NVIC_SetPriority
                0x08000220       0x54 ./Core/Src/dma.o
 .text.NVIC_EncodePriority
                0x08000274       0x66 ./Core/Src/dma.o
 *fill*         0x080002da        0x2 
 .text.MX_DMA_Init
                0x080002dc       0x6c ./Core/Src/dma.o
                0x080002dc                MX_DMA_Init
 .text.LL_AHB1_GRP1_EnableClock
                0x08000348       0x30 ./Core/Src/gpio.o
 .text.MX_GPIO_Init
                0x08000378       0x18 ./Core/Src/gpio.o
                0x08000378                MX_GPIO_Init
 .text.__NVIC_GetPriorityGrouping
                0x08000390       0x1c ./Core/Src/i2c.o
 .text.__NVIC_EnableIRQ
                0x080003ac       0x3c ./Core/Src/i2c.o
 .text.__NVIC_SetPriority
                0x080003e8       0x54 ./Core/Src/i2c.o
 .text.NVIC_EncodePriority
                0x0800043c       0x66 ./Core/Src/i2c.o
 .text.LL_I2C_Enable
                0x080004a2       0x20 ./Core/Src/i2c.o
 .text.LL_I2C_EnableClockStretching
                0x080004c2       0x20 ./Core/Src/i2c.o
 .text.LL_I2C_DisableGeneralCall
                0x080004e2       0x20 ./Core/Src/i2c.o
 .text.LL_I2C_SetOwnAddress2
                0x08000502       0x30 ./Core/Src/i2c.o
 .text.LL_I2C_DisableOwnAddress2
                0x08000532       0x20 ./Core/Src/i2c.o
 .text.LL_I2C_EnableIT_TX
                0x08000552       0x20 ./Core/Src/i2c.o
 .text.LL_I2C_EnableIT_RX
                0x08000572       0x20 ./Core/Src/i2c.o
 .text.LL_I2C_DisableIT_RX
                0x08000592       0x20 ./Core/Src/i2c.o
 .text.LL_I2C_IsActiveFlag_TXIS
                0x080005b2       0x26 ./Core/Src/i2c.o
 .text.LL_I2C_IsActiveFlag_RXNE
                0x080005d8       0x26 ./Core/Src/i2c.o
 .text.LL_I2C_IsActiveFlag_STOP
                0x080005fe       0x26 ./Core/Src/i2c.o
 .text.LL_I2C_IsActiveFlag_TC
                0x08000624       0x26 ./Core/Src/i2c.o
 .text.LL_I2C_ClearFlag_NACK
                0x0800064a       0x20 ./Core/Src/i2c.o
 .text.LL_I2C_ClearFlag_STOP
                0x0800066a       0x20 ./Core/Src/i2c.o
 .text.LL_I2C_EnableAutoEndMode
                0x0800068a       0x20 ./Core/Src/i2c.o
 *fill*         0x080006aa        0x2 
 .text.LL_I2C_HandleTransfer
                0x080006ac       0x60 ./Core/Src/i2c.o
 .text.LL_I2C_ReceiveData8
                0x0800070c       0x1a ./Core/Src/i2c.o
 .text.LL_I2C_TransmitData8
                0x08000726       0x1e ./Core/Src/i2c.o
 .text.LL_AHB1_GRP1_EnableClock
                0x08000744       0x30 ./Core/Src/i2c.o
 .text.LL_APB1_GRP1_EnableClock
                0x08000774       0x30 ./Core/Src/i2c.o
 .text.MX_I2C1_Init
                0x080007a4       0xe0 ./Core/Src/i2c.o
                0x080007a4                MX_I2C1_Init
 .text.i2c_master_read
                0x08000884       0xd4 ./Core/Src/i2c.o
                0x08000884                i2c_master_read
 .text.i2c_master_write
                0x08000958       0xbc ./Core/Src/i2c.o
                0x08000958                i2c_master_write
 .text.I2C1_EV_IRQHandler
                0x08000a14       0x14 ./Core/Src/i2c.o
                0x08000a14                I2C1_EV_IRQHandler
 .text.__NVIC_SetPriorityGrouping
                0x08000a28       0x48 ./Core/Src/main.o
 .text.LL_RCC_HSI_Enable
                0x08000a70       0x20 ./Core/Src/main.o
 .text.LL_RCC_HSI_IsReady
                0x08000a90       0x24 ./Core/Src/main.o
 .text.LL_RCC_HSI_SetCalibTrimming
                0x08000ab4       0x2c ./Core/Src/main.o
 .text.LL_RCC_SetSysClkSource
                0x08000ae0       0x28 ./Core/Src/main.o
 .text.LL_RCC_GetSysClkSource
                0x08000b08       0x1c ./Core/Src/main.o
 .text.LL_RCC_SetAHBPrescaler
                0x08000b24       0x28 ./Core/Src/main.o
 .text.LL_RCC_SetAPB1Prescaler
                0x08000b4c       0x28 ./Core/Src/main.o
 .text.LL_RCC_SetAPB2Prescaler
                0x08000b74       0x28 ./Core/Src/main.o
 .text.LL_RCC_SetI2CClockSource
                0x08000b9c       0x30 ./Core/Src/main.o
 .text.LL_APB1_GRP1_EnableClock
                0x08000bcc       0x30 ./Core/Src/main.o
 .text.LL_APB2_GRP1_EnableClock
                0x08000bfc       0x30 ./Core/Src/main.o
 .text.LL_FLASH_SetLatency
                0x08000c2c       0x28 ./Core/Src/main.o
 .text.LL_FLASH_GetLatency
                0x08000c54       0x1c ./Core/Src/main.o
 .text.main     0x08000c70       0x44 ./Core/Src/main.o
                0x08000c70                main
 .text.SystemClock_Config
                0x08000cb4       0x78 ./Core/Src/main.o
                0x08000cb4                SystemClock_Config
 .text.Error_Handler
                0x08000d2c        0xc ./Core/Src/main.o
                0x08000d2c                Error_Handler
 .text.HAL_MspInit
                0x08000d38       0x48 ./Core/Src/stm32f3xx_hal_msp.o
                0x08000d38                HAL_MspInit
 .text.NMI_Handler
                0x08000d80        0x8 ./Core/Src/stm32f3xx_it.o
                0x08000d80                NMI_Handler
 .text.HardFault_Handler
                0x08000d88        0x8 ./Core/Src/stm32f3xx_it.o
                0x08000d88                HardFault_Handler
 .text.MemManage_Handler
                0x08000d90        0x8 ./Core/Src/stm32f3xx_it.o
                0x08000d90                MemManage_Handler
 .text.BusFault_Handler
                0x08000d98        0x8 ./Core/Src/stm32f3xx_it.o
                0x08000d98                BusFault_Handler
 .text.UsageFault_Handler
                0x08000da0        0x8 ./Core/Src/stm32f3xx_it.o
                0x08000da0                UsageFault_Handler
 .text.SVC_Handler
                0x08000da8        0xe ./Core/Src/stm32f3xx_it.o
                0x08000da8                SVC_Handler
 .text.DebugMon_Handler
                0x08000db6        0xe ./Core/Src/stm32f3xx_it.o
                0x08000db6                DebugMon_Handler
 .text.PendSV_Handler
                0x08000dc4        0xe ./Core/Src/stm32f3xx_it.o
                0x08000dc4                PendSV_Handler
 .text.SysTick_Handler
                0x08000dd2        0xc ./Core/Src/stm32f3xx_it.o
                0x08000dd2                SysTick_Handler
 .text.DMA1_Channel6_IRQHandler
                0x08000dde        0xe ./Core/Src/stm32f3xx_it.o
                0x08000dde                DMA1_Channel6_IRQHandler
 .text.DMA1_Channel7_IRQHandler
                0x08000dec        0xe ./Core/Src/stm32f3xx_it.o
                0x08000dec                DMA1_Channel7_IRQHandler
 .text.USART2_IRQHandler
                0x08000dfa        0xe ./Core/Src/stm32f3xx_it.o
                0x08000dfa                USART2_IRQHandler
 .text.SystemInit
                0x08000e08       0x24 ./Core/Src/system_stm32f3xx.o
                0x08000e08                SystemInit
 .text.__NVIC_GetPriorityGrouping
                0x08000e2c       0x1c ./Core/Src/usart.o
 .text.__NVIC_EnableIRQ
                0x08000e48       0x3c ./Core/Src/usart.o
 .text.__NVIC_SetPriority
                0x08000e84       0x54 ./Core/Src/usart.o
 .text.NVIC_EncodePriority
                0x08000ed8       0x66 ./Core/Src/usart.o
 *fill*         0x08000f3e        0x2 
 .text.LL_AHB1_GRP1_EnableClock
                0x08000f40       0x30 ./Core/Src/usart.o
 .text.LL_APB1_GRP1_EnableClock
                0x08000f70       0x30 ./Core/Src/usart.o
 .text.LL_DMA_EnableChannel
                0x08000fa0       0x40 ./Core/Src/usart.o
 .text.LL_DMA_SetDataTransferDirection
                0x08000fe0       0x4c ./Core/Src/usart.o
 .text.LL_DMA_GetDataTransferDirection
                0x0800102c       0x30 ./Core/Src/usart.o
 .text.LL_DMA_SetMode
                0x0800105c       0x48 ./Core/Src/usart.o
 .text.LL_DMA_SetPeriphIncMode
                0x080010a4       0x48 ./Core/Src/usart.o
 .text.LL_DMA_SetMemoryIncMode
                0x080010ec       0x48 ./Core/Src/usart.o
 .text.LL_DMA_SetPeriphSize
                0x08001134       0x48 ./Core/Src/usart.o
 .text.LL_DMA_SetMemorySize
                0x0800117c       0x48 ./Core/Src/usart.o
 .text.LL_DMA_SetChannelPriorityLevel
                0x080011c4       0x48 ./Core/Src/usart.o
 .text.LL_DMA_SetDataLength
                0x0800120c       0x48 ./Core/Src/usart.o
 .text.LL_DMA_ConfigAddresses
                0x08001254       0x78 ./Core/Src/usart.o
 .text.LL_DMA_SetPeriphAddress
                0x080012cc       0x30 ./Core/Src/usart.o
 .text.LL_DMA_EnableIT_TE
                0x080012fc       0x40 ./Core/Src/usart.o
 .text.LL_USART_Enable
                0x0800133c       0x20 ./Core/Src/usart.o
 .text.LL_USART_ConfigAsyncMode
                0x0800135c       0x2c ./Core/Src/usart.o
 .text.LL_USART_DisableIT_CTS
                0x08001388       0x46 ./Core/Src/usart.o
 .text.LL_USART_EnableDMAReq_RX
                0x080013ce       0x46 ./Core/Src/usart.o
 .text.LL_USART_EnableDMAReq_TX
                0x08001414       0x46 ./Core/Src/usart.o
 .text.LL_USART_DMA_GetRegAddr
                0x0800145a       0x2c ./Core/Src/usart.o
 *fill*         0x08001486        0x2 
 .text.MX_USART2_UART_Init
                0x08001488      0x25c ./Core/Src/usart.o
                0x08001488                MX_USART2_UART_Init
 .text.Reset_Handler
                0x080016e4       0x50 ./Core/Startup/startup_stm32f303k8tx.o
                0x080016e4                Reset_Handler
 .text.Default_Handler
                0x08001734        0x2 ./Core/Startup/startup_stm32f303k8tx.o
                0x08001734                RTC_Alarm_IRQHandler
                0x08001734                TIM1_CC_IRQHandler
                0x08001734                PVD_IRQHandler
                0x08001734                TAMP_STAMP_IRQHandler
                0x08001734                EXTI3_IRQHandler
                0x08001734                EXTI0_IRQHandler
                0x08001734                FPU_IRQHandler
                0x08001734                CAN_TX_IRQHandler
                0x08001734                TIM1_UP_TIM16_IRQHandler
                0x08001734                ADC1_2_IRQHandler
                0x08001734                SPI1_IRQHandler
                0x08001734                CAN_SCE_IRQHandler
                0x08001734                DMA1_Channel4_IRQHandler
                0x08001734                USART3_IRQHandler
                0x08001734                TIM7_DAC2_IRQHandler
                0x08001734                CAN_RX1_IRQHandler
                0x08001734                TIM3_IRQHandler
                0x08001734                RCC_IRQHandler
                0x08001734                DMA1_Channel1_IRQHandler
                0x08001734                Default_Handler
                0x08001734                EXTI15_10_IRQHandler
                0x08001734                COMP2_IRQHandler
                0x08001734                TIM6_DAC1_IRQHandler
                0x08001734                EXTI9_5_IRQHandler
                0x08001734                RTC_WKUP_IRQHandler
                0x08001734                DMA1_Channel5_IRQHandler
                0x08001734                EXTI4_IRQHandler
                0x08001734                TIM1_TRG_COM_TIM17_IRQHandler
                0x08001734                DMA1_Channel3_IRQHandler
                0x08001734                WWDG_IRQHandler
                0x08001734                TIM2_IRQHandler
                0x08001734                EXTI1_IRQHandler
                0x08001734                COMP4_6_IRQHandler
                0x08001734                DMA1_Channel2_IRQHandler
                0x08001734                FLASH_IRQHandler
                0x08001734                USART1_IRQHandler
                0x08001734                CAN_RX0_IRQHandler
                0x08001734                I2C1_ER_IRQHandler
                0x08001734                EXTI2_TSC_IRQHandler
                0x08001734                TIM1_BRK_TIM15_IRQHandler
 *fill*         0x08001736        0x2 
 .text.HAL_Init
                0x08001738       0x2c ./Drivers/STM32F3xx_HAL_Driver/Src/stm32f3xx_hal.o
                0x08001738                HAL_Init
 .text.HAL_InitTick
                0x08001764       0x60 ./Drivers/STM32F3xx_HAL_Driver/Src/stm32f3xx_hal.o
                0x08001764                HAL_InitTick
 .text.HAL_IncTick
                0x080017c4       0x28 ./Drivers/STM32F3xx_HAL_Driver/Src/stm32f3xx_hal.o
                0x080017c4                HAL_IncTick
 .text.__NVIC_SetPriorityGrouping
                0x080017ec       0x48 ./Drivers/STM32F3xx_HAL_Driver/Src/stm32f3xx_hal_cortex.o
 .text.__NVIC_GetPriorityGrouping
                0x08001834       0x1c ./Drivers/STM32F3xx_HAL_Driver/Src/stm32f3xx_hal_cortex.o
 .text.__NVIC_SetPriority
                0x08001850       0x54 ./Drivers/STM32F3xx_HAL_Driver/Src/stm32f3xx_hal_cortex.o
 .text.NVIC_EncodePriority
                0x080018a4       0x66 ./Drivers/STM32F3xx_HAL_Driver/Src/stm32f3xx_hal_cortex.o
 *fill*         0x0800190a        0x2 
 .text.SysTick_Config
                0x0800190c       0x44 ./Drivers/STM32F3xx_HAL_Driver/Src/stm32f3xx_hal_cortex.o
 .text.HAL_NVIC_SetPriorityGrouping
                0x08001950       0x16 ./Drivers/STM32F3xx_HAL_Driver/Src/stm32f3xx_hal_cortex.o
                0x08001950                HAL_NVIC_SetPriorityGrouping
 .text.HAL_NVIC_SetPriority
                0x08001966       0x38 ./Drivers/STM32F3xx_HAL_Driver/Src/stm32f3xx_hal_cortex.o
                0x08001966                HAL_NVIC_SetPriority
 .text.HAL_SYSTICK_Config
                0x0800199e       0x18 ./Drivers/STM32F3xx_HAL_Driver/Src/stm32f3xx_hal_cortex.o
                0x0800199e                HAL_SYSTICK_Config
 .text.LL_GPIO_SetPinMode
                0x080019b6       0x5e ./Drivers/STM32F3xx_HAL_Driver/Src/stm32f3xx_ll_gpio.o
 .text.LL_GPIO_SetPinOutputType
                0x08001a14       0x30 ./Drivers/STM32F3xx_HAL_Driver/Src/stm32f3xx_ll_gpio.o
 .text.LL_GPIO_SetPinSpeed
                0x08001a44       0x5e ./Drivers/STM32F3xx_HAL_Driver/Src/stm32f3xx_ll_gpio.o
 .text.LL_GPIO_SetPinPull
                0x08001aa2       0x5e ./Drivers/STM32F3xx_HAL_Driver/Src/stm32f3xx_ll_gpio.o
 .text.LL_GPIO_SetAFPin_0_7
                0x08001b00       0x5e ./Drivers/STM32F3xx_HAL_Driver/Src/stm32f3xx_ll_gpio.o
 .text.LL_GPIO_SetAFPin_8_15
                0x08001b5e       0x62 ./Drivers/STM32F3xx_HAL_Driver/Src/stm32f3xx_ll_gpio.o
 .text.LL_GPIO_Init
                0x08001bc0       0xe0 ./Drivers/STM32F3xx_HAL_Driver/Src/stm32f3xx_ll_gpio.o
                0x08001bc0                LL_GPIO_Init
 .text.LL_I2C_Enable
                0x08001ca0       0x20 ./Drivers/STM32F3xx_HAL_Driver/Src/stm32f3xx_ll_i2c.o
 .text.LL_I2C_Disable
                0x08001cc0       0x20 ./Drivers/STM32F3xx_HAL_Driver/Src/stm32f3xx_ll_i2c.o
 .text.LL_I2C_ConfigFilters
                0x08001ce0       0x2e ./Drivers/STM32F3xx_HAL_Driver/Src/stm32f3xx_ll_i2c.o
 .text.LL_I2C_SetOwnAddress1
                0x08001d0e       0x30 ./Drivers/STM32F3xx_HAL_Driver/Src/stm32f3xx_ll_i2c.o
 .text.LL_I2C_EnableOwnAddress1
                0x08001d3e       0x20 ./Drivers/STM32F3xx_HAL_Driver/Src/stm32f3xx_ll_i2c.o
 .text.LL_I2C_DisableOwnAddress1
                0x08001d5e       0x20 ./Drivers/STM32F3xx_HAL_Driver/Src/stm32f3xx_ll_i2c.o
 .text.LL_I2C_SetTiming
                0x08001d7e       0x1c ./Drivers/STM32F3xx_HAL_Driver/Src/stm32f3xx_ll_i2c.o
 .text.LL_I2C_SetMode
                0x08001d9a       0x26 ./Drivers/STM32F3xx_HAL_Driver/Src/stm32f3xx_ll_i2c.o
 .text.LL_I2C_AcknowledgeNextData
                0x08001dc0       0x26 ./Drivers/STM32F3xx_HAL_Driver/Src/stm32f3xx_ll_i2c.o
 .text.LL_I2C_Init
                0x08001de6       0x78 ./Drivers/STM32F3xx_HAL_Driver/Src/stm32f3xx_ll_i2c.o
                0x08001de6                LL_I2C_Init
 *fill*         0x08001e5e        0x2 
 .text.LL_RCC_HSI_IsReady
                0x08001e60       0x24 ./Drivers/STM32F3xx_HAL_Driver/Src/stm32f3xx_ll_rcc.o
 .text.LL_RCC_LSE_IsReady
                0x08001e84       0x24 ./Drivers/STM32F3xx_HAL_Driver/Src/stm32f3xx_ll_rcc.o
 .text.LL_RCC_GetSysClkSource
                0x08001ea8       0x1c ./Drivers/STM32F3xx_HAL_Driver/Src/stm32f3xx_ll_rcc.o
 .text.LL_RCC_GetAHBPrescaler
                0x08001ec4       0x1c ./Drivers/STM32F3xx_HAL_Driver/Src/stm32f3xx_ll_rcc.o
 .text.LL_RCC_GetAPB1Prescaler
                0x08001ee0       0x1c ./Drivers/STM32F3xx_HAL_Driver/Src/stm32f3xx_ll_rcc.o
 .text.LL_RCC_GetAPB2Prescaler
                0x08001efc       0x1c ./Drivers/STM32F3xx_HAL_Driver/Src/stm32f3xx_ll_rcc.o
 .text.LL_RCC_GetUSARTClockSource
                0x08001f18       0x2c ./Drivers/STM32F3xx_HAL_Driver/Src/stm32f3xx_ll_rcc.o
 .text.LL_RCC_PLL_GetMainSource
                0x08001f44       0x1c ./Drivers/STM32F3xx_HAL_Driver/Src/stm32f3xx_ll_rcc.o
 .text.LL_RCC_PLL_GetMultiplicator
                0x08001f60       0x1c ./Drivers/STM32F3xx_HAL_Driver/Src/stm32f3xx_ll_rcc.o
 .text.LL_RCC_PLL_GetPrediv
                0x08001f7c       0x1c ./Drivers/STM32F3xx_HAL_Driver/Src/stm32f3xx_ll_rcc.o
 .text.LL_RCC_GetSystemClocksFreq
                0x08001f98       0x4a ./Drivers/STM32F3xx_HAL_Driver/Src/stm32f3xx_ll_rcc.o
                0x08001f98                LL_RCC_GetSystemClocksFreq
 *fill*         0x08001fe2        0x2 
 .text.LL_RCC_GetUSARTClockFreq
                0x08001fe4       0x84 ./Drivers/STM32F3xx_HAL_Driver/Src/stm32f3xx_ll_rcc.o
                0x08001fe4                LL_RCC_GetUSARTClockFreq
 .text.RCC_GetSystemClockFreq
                0x08002068       0x4c ./Drivers/STM32F3xx_HAL_Driver/Src/stm32f3xx_ll_rcc.o
                0x08002068                RCC_GetSystemClockFreq
 .text.RCC_GetHCLKClockFreq
                0x080020b4       0x2c ./Drivers/STM32F3xx_HAL_Driver/Src/stm32f3xx_ll_rcc.o
                0x080020b4                RCC_GetHCLKClockFreq
 .text.RCC_GetPCLK1ClockFreq
                0x080020e0       0x28 ./Drivers/STM32F3xx_HAL_Driver/Src/stm32f3xx_ll_rcc.o
                0x080020e0                RCC_GetPCLK1ClockFreq
 .text.RCC_GetPCLK2ClockFreq
                0x08002108       0x28 ./Drivers/STM32F3xx_HAL_Driver/Src/stm32f3xx_ll_rcc.o
                0x08002108                RCC_GetPCLK2ClockFreq
 .text.RCC_PLL_GetFreqDomain_SYS
                0x08002130       0x7c ./Drivers/STM32F3xx_HAL_Driver/Src/stm32f3xx_ll_rcc.o
                0x08002130                RCC_PLL_GetFreqDomain_SYS
 .text.LL_USART_IsEnabled
                0x080021ac       0x26 ./Drivers/STM32F3xx_HAL_Driver/Src/stm32f3xx_ll_usart.o
 .text.LL_USART_SetStopBitsLength
                0x080021d2       0x26 ./Drivers/STM32F3xx_HAL_Driver/Src/stm32f3xx_ll_usart.o
 .text.LL_USART_SetHWFlowCtrl
                0x080021f8       0x26 ./Drivers/STM32F3xx_HAL_Driver/Src/stm32f3xx_ll_usart.o
 .text.LL_USART_SetBaudRate
                0x0800221e       0x6e ./Drivers/STM32F3xx_HAL_Driver/Src/stm32f3xx_ll_usart.o
 .text.LL_USART_Init
                0x0800228c       0xd8 ./Drivers/STM32F3xx_HAL_Driver/Src/stm32f3xx_ll_usart.o
                0x0800228c                LL_USART_Init
 .text.LL_mDelay
                0x08002364       0x4c ./Drivers/STM32F3xx_HAL_Driver/Src/stm32f3xx_ll_utils.o
                0x08002364                LL_mDelay
 .text.LL_SetSystemCoreClock
                0x080023b0       0x20 ./Drivers/STM32F3xx_HAL_Driver/Src/stm32f3xx_ll_utils.o
                0x080023b0                LL_SetSystemCoreClock
 .text.HTS221_read_byte
                0x080023d0       0x28 ./HTS221/HTS221.o
                0x080023d0                HTS221_read_byte
 .text.HTS221_write_byte
                0x080023f8       0x2c ./HTS221/HTS221.o
                0x080023f8                HTS221_write_byte
 .text.HTS221_Init
                0x08002424       0x7c ./HTS221/HTS221.o
                0x08002424                HTS221_Init
 .text.__libc_init_array
                0x080024a0       0x48 C:/ST/STM32CubeIDE_1.16.1/STM32CubeIDE/plugins/com.st.stm32cube.ide.mcu.externaltools.gnu-tools-for-stm32.12.3.rel1.win32_1.0.200.202406191623/tools/bin/../lib/gcc/arm-none-eabi/12.3.1/../../../../arm-none-eabi/lib/thumb/v7e-m+fp/hard\libc_nano.a(libc_a-init.o)
                0x080024a0                __libc_init_array
 *(.glue_7)
 .glue_7        0x080024e8        0x0 linker stubs
 *(.glue_7t)
 .glue_7t       0x080024e8        0x0 linker stubs
 *(.eh_frame)
 .eh_frame      0x080024e8        0x0 C:/ST/STM32CubeIDE_1.16.1/STM32CubeIDE/plugins/com.st.stm32cube.ide.mcu.externaltools.gnu-tools-for-stm32.12.3.rel1.win32_1.0.200.202406191623/tools/bin/../lib/gcc/arm-none-eabi/12.3.1/thumb/v7e-m+fp/hard/crtbegin.o
 *(.init)
 .init          0x080024e8        0x4 C:/ST/STM32CubeIDE_1.16.1/STM32CubeIDE/plugins/com.st.stm32cube.ide.mcu.externaltools.gnu-tools-for-stm32.12.3.rel1.win32_1.0.200.202406191623/tools/bin/../lib/gcc/arm-none-eabi/12.3.1/thumb/v7e-m+fp/hard/crti.o
                0x080024e8                _init
 .init          0x080024ec        0x8 C:/ST/STM32CubeIDE_1.16.1/STM32CubeIDE/plugins/com.st.stm32cube.ide.mcu.externaltools.gnu-tools-for-stm32.12.3.rel1.win32_1.0.200.202406191623/tools/bin/../lib/gcc/arm-none-eabi/12.3.1/thumb/v7e-m+fp/hard/crtn.o
 *(.fini)
 .fini          0x080024f4        0x4 C:/ST/STM32CubeIDE_1.16.1/STM32CubeIDE/plugins/com.st.stm32cube.ide.mcu.externaltools.gnu-tools-for-stm32.12.3.rel1.win32_1.0.200.202406191623/tools/bin/../lib/gcc/arm-none-eabi/12.3.1/thumb/v7e-m+fp/hard/crti.o
                0x080024f4                _fini
 .fini          0x080024f8        0x8 C:/ST/STM32CubeIDE_1.16.1/STM32CubeIDE/plugins/com.st.stm32cube.ide.mcu.externaltools.gnu-tools-for-stm32.12.3.rel1.win32_1.0.200.202406191623/tools/bin/../lib/gcc/arm-none-eabi/12.3.1/thumb/v7e-m+fp/hard/crtn.o
                0x08002500                        . = ALIGN (0x4)
                0x08002500                        _etext = .

.vfp11_veneer   0x08002500        0x0
 .vfp11_veneer  0x08002500        0x0 linker stubs

.v4_bx          0x08002500        0x0
 .v4_bx         0x08002500        0x0 linker stubs

.iplt           0x08002500        0x0
 .iplt          0x08002500        0x0 C:/ST/STM32CubeIDE_1.16.1/STM32CubeIDE/plugins/com.st.stm32cube.ide.mcu.externaltools.gnu-tools-for-stm32.12.3.rel1.win32_1.0.200.202406191623/tools/bin/../lib/gcc/arm-none-eabi/12.3.1/thumb/v7e-m+fp/hard/crtbegin.o

.rodata         0x08002500       0x20
                0x08002500                        . = ALIGN (0x4)
 *(.rodata)
 *(.rodata*)
 .rodata.AHBPrescTable
                0x08002500       0x10 ./Core/Src/system_stm32f3xx.o
                0x08002500                AHBPrescTable
 .rodata.APBPrescTable
                0x08002510        0x8 ./Core/Src/system_stm32f3xx.o
                0x08002510                APBPrescTable
 .rodata.CHANNEL_OFFSET_TAB
                0x08002518        0x7 ./Core/Src/usart.o
                0x08002520                        . = ALIGN (0x4)
 *fill*         0x0800251f        0x1 

.ARM.extab      0x08002520        0x0
                0x08002520                        . = ALIGN (0x4)
 *(.ARM.extab* .gnu.linkonce.armextab.*)
                0x08002520                        . = ALIGN (0x4)

.ARM            0x08002520        0x0
                0x08002520                        . = ALIGN (0x4)
                0x08002520                        __exidx_start = .
 *(.ARM.exidx*)
                0x08002520                        __exidx_end = .
                0x08002520                        . = ALIGN (0x4)

.preinit_array  0x08002520        0x0
                0x08002520                        . = ALIGN (0x4)
                0x08002520                        PROVIDE (__preinit_array_start = .)
 *(.preinit_array*)
                0x08002520                        PROVIDE (__preinit_array_end = .)
                0x08002520                        . = ALIGN (0x4)

.init_array     0x08002520        0x4
                0x08002520                        . = ALIGN (0x4)
                0x08002520                        PROVIDE (__init_array_start = .)
 *(SORT_BY_NAME(.init_array.*))
 *(.init_array*)
 .init_array    0x08002520        0x4 C:/ST/STM32CubeIDE_1.16.1/STM32CubeIDE/plugins/com.st.stm32cube.ide.mcu.externaltools.gnu-tools-for-stm32.12.3.rel1.win32_1.0.200.202406191623/tools/bin/../lib/gcc/arm-none-eabi/12.3.1/thumb/v7e-m+fp/hard/crtbegin.o
                0x08002524                        PROVIDE (__init_array_end = .)
                0x08002524                        . = ALIGN (0x4)

.fini_array     0x08002524        0x4
                0x08002524                        . = ALIGN (0x4)
                [!provide]                        PROVIDE (__fini_array_start = .)
 *(SORT_BY_NAME(.fini_array.*))
 *(.fini_array*)
 .fini_array    0x08002524        0x4 C:/ST/STM32CubeIDE_1.16.1/STM32CubeIDE/plugins/com.st.stm32cube.ide.mcu.externaltools.gnu-tools-for-stm32.12.3.rel1.win32_1.0.200.202406191623/tools/bin/../lib/gcc/arm-none-eabi/12.3.1/thumb/v7e-m+fp/hard/crtbegin.o
                [!provide]                        PROVIDE (__fini_array_end = .)
                0x08002528                        . = ALIGN (0x4)
                0x08002528                        _sidata = LOADADDR (.data)

.rel.dyn        0x08002528        0x0
 .rel.iplt      0x08002528        0x0 C:/ST/STM32CubeIDE_1.16.1/STM32CubeIDE/plugins/com.st.stm32cube.ide.mcu.externaltools.gnu-tools-for-stm32.12.3.rel1.win32_1.0.200.202406191623/tools/bin/../lib/gcc/arm-none-eabi/12.3.1/thumb/v7e-m+fp/hard/crtbegin.o

.data           0x20000000        0xc load address 0x08002528
                0x20000000                        . = ALIGN (0x4)
                0x20000000                        _sdata = .
 *(.data)
 *(.data*)
 .data.SystemCoreClock
                0x20000000        0x4 ./Core/Src/system_stm32f3xx.o
                0x20000000                SystemCoreClock
 .data.uwTickPrio
                0x20000004        0x4 ./Drivers/STM32F3xx_HAL_Driver/Src/stm32f3xx_hal.o
                0x20000004                uwTickPrio
 .data.uwTickFreq
                0x20000008        0x1 ./Drivers/STM32F3xx_HAL_Driver/Src/stm32f3xx_hal.o
                0x20000008                uwTickFreq
 *(.RamFunc)
 *(.RamFunc*)
                0x2000000c                        . = ALIGN (0x4)
 *fill*         0x20000009        0x3 
                0x2000000c                        _edata = .
                0x08002534                        _siccmram = LOADADDR (.ccmram)

.igot.plt       0x2000000c        0x0 load address 0x08002534
 .igot.plt      0x2000000c        0x0 C:/ST/STM32CubeIDE_1.16.1/STM32CubeIDE/plugins/com.st.stm32cube.ide.mcu.externaltools.gnu-tools-for-stm32.12.3.rel1.win32_1.0.200.202406191623/tools/bin/../lib/gcc/arm-none-eabi/12.3.1/thumb/v7e-m+fp/hard/crtbegin.o

.ccmram         0x10000000        0x0 load address 0x08002534
                0x10000000                        . = ALIGN (0x4)
                0x10000000                        _sccmram = .
 *(.ccmram)
 *(.ccmram*)
                0x10000000                        . = ALIGN (0x4)
                0x10000000                        _eccmram = .
                0x10000000                        . = ALIGN (0x4)

.bss            0x2000000c       0xa8
                0x2000000c                        _sbss = .
                0x2000000c                        __bss_start__ = _sbss
 *(.bss)
 .bss           0x2000000c       0x1c C:/ST/STM32CubeIDE_1.16.1/STM32CubeIDE/plugins/com.st.stm32cube.ide.mcu.externaltools.gnu-tools-for-stm32.12.3.rel1.win32_1.0.200.202406191623/tools/bin/../lib/gcc/arm-none-eabi/12.3.1/thumb/v7e-m+fp/hard/crtbegin.o
 *(.bss*)
 .bss.bufferUSART2dma
                0x20000028       0x80 ./Core/Src/usart.o
                0x20000028                bufferUSART2dma
 .bss.uwTick    0x200000a8        0x4 ./Drivers/STM32F3xx_HAL_Driver/Src/stm32f3xx_hal.o
                0x200000a8                uwTick
 .bss.I2C_read_data
                0x200000ac        0x4 ./HTS221/HTS221.o
 .bss.I2C_write_data
                0x200000b0        0x4 ./HTS221/HTS221.o
 *(COMMON)
                0x200000b4                        . = ALIGN (0x4)
                0x200000b4                        _ebss = .
                0x200000b4                        __bss_end__ = _ebss

._user_heap_stack
                0x200000b4      0x604
                0x200000b8                        . = ALIGN (0x8)
 *fill*         0x200000b4        0x4 
                [!provide]                        PROVIDE (end = .)
                0x200000b8                        PROVIDE (_end = .)
                0x200002b8                        . = (. + _Min_Heap_Size)
 *fill*         0x200000b8      0x200 
                0x200006b8                        . = (. + _Min_Stack_Size)
 *fill*         0x200002b8      0x400 
                0x200006b8                        . = ALIGN (0x8)

/DISCARD/
 libc.a(*)
 libm.a(*)
 libgcc.a(*)

.ARM.attributes
                0x00000000       0x30
 *(.ARM.attributes)
 .ARM.attributes
                0x00000000       0x22 C:/ST/STM32CubeIDE_1.16.1/STM32CubeIDE/plugins/com.st.stm32cube.ide.mcu.externaltools.gnu-tools-for-stm32.12.3.rel1.win32_1.0.200.202406191623/tools/bin/../lib/gcc/arm-none-eabi/12.3.1/thumb/v7e-m+fp/hard/crti.o
 .ARM.attributes
                0x00000022       0x34 C:/ST/STM32CubeIDE_1.16.1/STM32CubeIDE/plugins/com.st.stm32cube.ide.mcu.externaltools.gnu-tools-for-stm32.12.3.rel1.win32_1.0.200.202406191623/tools/bin/../lib/gcc/arm-none-eabi/12.3.1/thumb/v7e-m+fp/hard/crtbegin.o
 .ARM.attributes
                0x00000056       0x34 ./Core/Src/dma.o
 .ARM.attributes
                0x0000008a       0x34 ./Core/Src/gpio.o
 .ARM.attributes
                0x000000be       0x34 ./Core/Src/i2c.o
 .ARM.attributes
                0x000000f2       0x34 ./Core/Src/main.o
 .ARM.attributes
                0x00000126       0x34 ./Core/Src/stm32f3xx_hal_msp.o
 .ARM.attributes
                0x0000015a       0x34 ./Core/Src/stm32f3xx_it.o
 .ARM.attributes
                0x0000018e       0x34 ./Core/Src/system_stm32f3xx.o
 .ARM.attributes
                0x000001c2       0x34 ./Core/Src/usart.o
 .ARM.attributes
                0x000001f6       0x21 ./Core/Startup/startup_stm32f303k8tx.o
 .ARM.attributes
                0x00000217       0x34 ./Drivers/STM32F3xx_HAL_Driver/Src/stm32f3xx_hal.o
 .ARM.attributes
                0x0000024b       0x34 ./Drivers/STM32F3xx_HAL_Driver/Src/stm32f3xx_hal_cortex.o
 .ARM.attributes
                0x0000027f       0x34 ./Drivers/STM32F3xx_HAL_Driver/Src/stm32f3xx_ll_gpio.o
 .ARM.attributes
                0x000002b3       0x34 ./Drivers/STM32F3xx_HAL_Driver/Src/stm32f3xx_ll_i2c.o
 .ARM.attributes
                0x000002e7       0x34 ./Drivers/STM32F3xx_HAL_Driver/Src/stm32f3xx_ll_rcc.o
 .ARM.attributes
                0x0000031b       0x34 ./Drivers/STM32F3xx_HAL_Driver/Src/stm32f3xx_ll_usart.o
 .ARM.attributes
                0x0000034f       0x34 ./Drivers/STM32F3xx_HAL_Driver/Src/stm32f3xx_ll_utils.o
 .ARM.attributes
                0x00000383       0x34 ./HTS221/HTS221.o
 .ARM.attributes
                0x000003b7       0x34 C:/ST/STM32CubeIDE_1.16.1/STM32CubeIDE/plugins/com.st.stm32cube.ide.mcu.externaltools.gnu-tools-for-stm32.12.3.rel1.win32_1.0.200.202406191623/tools/bin/../lib/gcc/arm-none-eabi/12.3.1/../../../../arm-none-eabi/lib/thumb/v7e-m+fp/hard\libc_nano.a(libc_a-init.o)
 .ARM.attributes
                0x000003eb       0x22 C:/ST/STM32CubeIDE_1.16.1/STM32CubeIDE/plugins/com.st.stm32cube.ide.mcu.externaltools.gnu-tools-for-stm32.12.3.rel1.win32_1.0.200.202406191623/tools/bin/../lib/gcc/arm-none-eabi/12.3.1/thumb/v7e-m+fp/hard/crtn.o
OUTPUT(vrs_cvicenie_6.elf elf32-littlearm)
LOAD linker stubs
LOAD C:/ST/STM32CubeIDE_1.16.1/STM32CubeIDE/plugins/com.st.stm32cube.ide.mcu.externaltools.gnu-tools-for-stm32.12.3.rel1.win32_1.0.200.202406191623/tools/bin/../lib/gcc/arm-none-eabi/12.3.1/../../../../arm-none-eabi/lib/thumb/v7e-m+fp/hard\libc.a
LOAD C:/ST/STM32CubeIDE_1.16.1/STM32CubeIDE/plugins/com.st.stm32cube.ide.mcu.externaltools.gnu-tools-for-stm32.12.3.rel1.win32_1.0.200.202406191623/tools/bin/../lib/gcc/arm-none-eabi/12.3.1/../../../../arm-none-eabi/lib/thumb/v7e-m+fp/hard\libm.a
LOAD C:/ST/STM32CubeIDE_1.16.1/STM32CubeIDE/plugins/com.st.stm32cube.ide.mcu.externaltools.gnu-tools-for-stm32.12.3.rel1.win32_1.0.200.202406191623/tools/bin/../lib/gcc/arm-none-eabi/12.3.1/thumb/v7e-m+fp/hard\libgcc.a

.debug_info     0x00000000     0x6edb
 .debug_info    0x00000000      0x6ff ./Core/Src/dma.o
 .debug_info    0x000006ff      0x1d2 ./Core/Src/gpio.o
 .debug_info    0x000008d1      0xe6e ./Core/Src/i2c.o
 .debug_info    0x0000173f      0x767 ./Core/Src/main.o
 .debug_info    0x00001ea6      0x1d5 ./Core/Src/stm32f3xx_hal_msp.o
 .debug_info    0x0000207b      0x197 ./Core/Src/stm32f3xx_it.o
 .debug_info    0x00002212      0x407 ./Core/Src/system_stm32f3xx.o
 .debug_info    0x00002619     0x1303 ./Core/Src/usart.o
 .debug_info    0x0000391c       0x30 ./Core/Startup/startup_stm32f303k8tx.o
 .debug_info    0x0000394c      0x74a ./Drivers/STM32F3xx_HAL_Driver/Src/stm32f3xx_hal.o
 .debug_info    0x00004096      0xa87 ./Drivers/STM32F3xx_HAL_Driver/Src/stm32f3xx_hal_cortex.o
 .debug_info    0x00004b1d      0x6ee ./Drivers/STM32F3xx_HAL_Driver/Src/stm32f3xx_ll_gpio.o
 .debug_info    0x0000520b      0x530 ./Drivers/STM32F3xx_HAL_Driver/Src/stm32f3xx_ll_i2c.o
 .debug_info    0x0000573b      0x6b8 ./Drivers/STM32F3xx_HAL_Driver/Src/stm32f3xx_ll_rcc.o
 .debug_info    0x00005df3      0x691 ./Drivers/STM32F3xx_HAL_Driver/Src/stm32f3xx_ll_usart.o
 .debug_info    0x00006484      0x80a ./Drivers/STM32F3xx_HAL_Driver/Src/stm32f3xx_ll_utils.o
 .debug_info    0x00006c8e      0x24d ./HTS221/HTS221.o

.debug_abbrev   0x00000000     0x1d79
 .debug_abbrev  0x00000000      0x1a6 ./Core/Src/dma.o
 .debug_abbrev  0x000001a6      0x102 ./Core/Src/gpio.o
 .debug_abbrev  0x000002a8      0x250 ./Core/Src/i2c.o
 .debug_abbrev  0x000004f8      0x22e ./Core/Src/main.o
 .debug_abbrev  0x00000726       0xdd ./Core/Src/stm32f3xx_hal_msp.o
 .debug_abbrev  0x00000803       0xac ./Core/Src/stm32f3xx_it.o
 .debug_abbrev  0x000008af      0x11a ./Core/Src/system_stm32f3xx.o
 .debug_abbrev  0x000009c9      0x2f9 ./Core/Src/usart.o
 .debug_abbrev  0x00000cc2       0x24 ./Core/Startup/startup_stm32f303k8tx.o
 .debug_abbrev  0x00000ce6      0x215 ./Drivers/STM32F3xx_HAL_Driver/Src/stm32f3xx_hal.o
 .debug_abbrev  0x00000efb      0x2f8 ./Drivers/STM32F3xx_HAL_Driver/Src/stm32f3xx_hal_cortex.o
 .debug_abbrev  0x000011f3      0x21e ./Drivers/STM32F3xx_HAL_Driver/Src/stm32f3xx_ll_gpio.o
 .debug_abbrev  0x00001411      0x177 ./Drivers/STM32F3xx_HAL_Driver/Src/stm32f3xx_ll_i2c.o
 .debug_abbrev  0x00001588      0x246 ./Drivers/STM32F3xx_HAL_Driver/Src/stm32f3xx_ll_rcc.o
 .debug_abbrev  0x000017ce      0x1dd ./Drivers/STM32F3xx_HAL_Driver/Src/stm32f3xx_ll_usart.o
 .debug_abbrev  0x000019ab      0x2b9 ./Drivers/STM32F3xx_HAL_Driver/Src/stm32f3xx_ll_utils.o
 .debug_abbrev  0x00001c64      0x115 ./HTS221/HTS221.o

.debug_aranges  0x00000000      0x998
 .debug_aranges
                0x00000000       0x40 ./Core/Src/dma.o
 .debug_aranges
                0x00000040       0x28 ./Core/Src/gpio.o
 .debug_aranges
                0x00000068       0xf8 ./Core/Src/i2c.o
 .debug_aranges
                0x00000160       0xa0 ./Core/Src/main.o
 .debug_aranges
                0x00000200       0x20 ./Core/Src/stm32f3xx_hal_msp.o
 .debug_aranges
                0x00000220       0x80 ./Core/Src/stm32f3xx_it.o
 .debug_aranges
                0x000002a0       0x28 ./Core/Src/system_stm32f3xx.o
 .debug_aranges
                0x000002c8      0x120 ./Core/Src/usart.o
 .debug_aranges
                0x000003e8       0x28 ./Core/Startup/startup_stm32f303k8tx.o
 .debug_aranges
                0x00000410       0xe0 ./Drivers/STM32F3xx_HAL_Driver/Src/stm32f3xx_hal.o
 .debug_aranges
                0x000004f0      0x100 ./Drivers/STM32F3xx_HAL_Driver/Src/stm32f3xx_hal_cortex.o
 .debug_aranges
                0x000005f0       0x70 ./Drivers/STM32F3xx_HAL_Driver/Src/stm32f3xx_ll_gpio.o
 .debug_aranges
                0x00000660       0x88 ./Drivers/STM32F3xx_HAL_Driver/Src/stm32f3xx_ll_i2c.o
 .debug_aranges
                0x000006e8      0x100 ./Drivers/STM32F3xx_HAL_Driver/Src/stm32f3xx_ll_rcc.o
 .debug_aranges
                0x000007e8       0x88 ./Drivers/STM32F3xx_HAL_Driver/Src/stm32f3xx_ll_usart.o
 .debug_aranges
                0x00000870       0xf0 ./Drivers/STM32F3xx_HAL_Driver/Src/stm32f3xx_ll_utils.o
 .debug_aranges
                0x00000960       0x38 ./HTS221/HTS221.o

.debug_rnglists
                0x00000000      0x6eb
 .debug_rnglists
                0x00000000       0x2b ./Core/Src/dma.o
 .debug_rnglists
                0x0000002b       0x19 ./Core/Src/gpio.o
 .debug_rnglists
                0x00000044       0xb8 ./Core/Src/i2c.o
 .debug_rnglists
                0x000000fc       0x73 ./Core/Src/main.o
 .debug_rnglists
                0x0000016f       0x13 ./Core/Src/stm32f3xx_hal_msp.o
 .debug_rnglists
                0x00000182       0x5b ./Core/Src/stm32f3xx_it.o
 .debug_rnglists
                0x000001dd       0x1a ./Core/Src/system_stm32f3xx.o
 .debug_rnglists
                0x000001f7       0xd5 ./Core/Src/usart.o
 .debug_rnglists
                0x000002cc       0x19 ./Core/Startup/startup_stm32f303k8tx.o
 .debug_rnglists
                0x000002e5       0xa3 ./Drivers/STM32F3xx_HAL_Driver/Src/stm32f3xx_hal.o
 .debug_rnglists
                0x00000388       0xbb ./Drivers/STM32F3xx_HAL_Driver/Src/stm32f3xx_hal_cortex.o
 .debug_rnglists
                0x00000443       0x51 ./Drivers/STM32F3xx_HAL_Driver/Src/stm32f3xx_ll_gpio.o
 .debug_rnglists
                0x00000494       0x61 ./Drivers/STM32F3xx_HAL_Driver/Src/stm32f3xx_ll_i2c.o
 .debug_rnglists
                0x000004f5       0xbe ./Drivers/STM32F3xx_HAL_Driver/Src/stm32f3xx_ll_rcc.o
 .debug_rnglists
                0x000005b3       0x62 ./Drivers/STM32F3xx_HAL_Driver/Src/stm32f3xx_ll_usart.o
 .debug_rnglists
                0x00000615       0xb1 ./Drivers/STM32F3xx_HAL_Driver/Src/stm32f3xx_ll_utils.o
 .debug_rnglists
                0x000006c6       0x25 ./HTS221/HTS221.o

.debug_macro    0x00000000    0x1bfa6
 .debug_macro   0x00000000      0x214 ./Core/Src/dma.o
 .debug_macro   0x00000214      0xaba ./Core/Src/dma.o
 .debug_macro   0x00000cce      0x14b ./Core/Src/dma.o
 .debug_macro   0x00000e19       0x2e ./Core/Src/dma.o
 .debug_macro   0x00000e47       0x28 ./Core/Src/dma.o
 .debug_macro   0x00000e6f       0x22 ./Core/Src/dma.o
 .debug_macro   0x00000e91       0x8e ./Core/Src/dma.o
 .debug_macro   0x00000f1f       0x51 ./Core/Src/dma.o
 .debug_macro   0x00000f70      0x103 ./Core/Src/dma.o
 .debug_macro   0x00001073       0x6a ./Core/Src/dma.o
 .debug_macro   0x000010dd      0x1df ./Core/Src/dma.o
 .debug_macro   0x000012bc       0x1c ./Core/Src/dma.o
 .debug_macro   0x000012d8       0x22 ./Core/Src/dma.o
 .debug_macro   0x000012fa       0xd9 ./Core/Src/dma.o
 .debug_macro   0x000013d3      0xf07 ./Core/Src/dma.o
 .debug_macro   0x000022da    0x10be0 ./Core/Src/dma.o
 .debug_macro   0x00012eba       0x6d ./Core/Src/dma.o
 .debug_macro   0x00012f27     0x3574 ./Core/Src/dma.o
 .debug_macro   0x0001649b      0x189 ./Core/Src/dma.o
 .debug_macro   0x00016624       0x55 ./Core/Src/dma.o
 .debug_macro   0x00016679      0x8f8 ./Core/Src/dma.o
 .debug_macro   0x00016f71      0x304 ./Core/Src/dma.o
 .debug_macro   0x00017275      0x1b5 ./Core/Src/dma.o
 .debug_macro   0x0001742a      0x11b ./Core/Src/dma.o
 .debug_macro   0x00017545      0x1d5 ./Core/Src/dma.o
 .debug_macro   0x0001771a      0x1bc ./Core/Src/dma.o
 .debug_macro   0x000178d6       0x34 ./Core/Src/dma.o
 .debug_macro   0x0001790a       0x3c ./Core/Src/dma.o
 .debug_macro   0x00017946       0x57 ./Core/Src/dma.o
 .debug_macro   0x0001799d       0xc5 ./Core/Src/dma.o
 .debug_macro   0x00017a62      0x19f ./Core/Src/dma.o
 .debug_macro   0x00017c01      0x22c ./Core/Src/dma.o
 .debug_macro   0x00017e2d       0x5b ./Core/Src/dma.o
 .debug_macro   0x00017e88       0xa5 ./Core/Src/dma.o
 .debug_macro   0x00017f2d       0x81 ./Core/Src/dma.o
 .debug_macro   0x00017fae       0xd3 ./Core/Src/dma.o
 .debug_macro   0x00018081      0x285 ./Core/Src/dma.o
 .debug_macro   0x00018306      0x24d ./Core/Src/dma.o
 .debug_macro   0x00018553      0x4c2 ./Core/Src/dma.o
 .debug_macro   0x00018a15       0xe0 ./Core/Src/dma.o
 .debug_macro   0x00018af5      0x29f ./Core/Src/dma.o
 .debug_macro   0x00018d94       0xfe ./Core/Src/dma.o
 .debug_macro   0x00018e92       0x28 ./Core/Src/dma.o
 .debug_macro   0x00018eba       0x30 ./Core/Src/dma.o
 .debug_macro   0x00018eea       0xa8 ./Core/Src/dma.o
 .debug_macro   0x00018f92      0x287 ./Core/Src/dma.o
 .debug_macro   0x00019219      0x2f7 ./Core/Src/dma.o
 .debug_macro   0x00019510      0x142 ./Core/Src/dma.o
 .debug_macro   0x00019652      0x214 ./Core/Src/gpio.o
 .debug_macro   0x00019866      0x214 ./Core/Src/i2c.o
 .debug_macro   0x00019a7a      0x247 ./Core/Src/main.o
 .debug_macro   0x00019cc1       0x16 ./Core/Src/main.o
 .debug_macro   0x00019cd7       0x2e ./Core/Src/main.o
 .debug_macro   0x00019d05       0x28 ./Core/Src/main.o
 .debug_macro   0x00019d2d      0x20a ./Core/Src/stm32f3xx_hal_msp.o
 .debug_macro   0x00019f37      0x214 ./Core/Src/stm32f3xx_it.o
 .debug_macro   0x0001a14b      0x19d ./Core/Src/system_stm32f3xx.o
 .debug_macro   0x0001a2e8      0x219 ./Core/Src/usart.o
 .debug_macro   0x0001a501       0x10 ./Core/Src/usart.o
 .debug_macro   0x0001a511      0x1c1 ./Drivers/STM32F3xx_HAL_Driver/Src/stm32f3xx_hal.o
 .debug_macro   0x0001a6d2      0x19d ./Drivers/STM32F3xx_HAL_Driver/Src/stm32f3xx_hal_cortex.o
 .debug_macro   0x0001a86f      0x1df ./Drivers/STM32F3xx_HAL_Driver/Src/stm32f3xx_ll_gpio.o
 .debug_macro   0x0001aa4e      0x13c ./Drivers/STM32F3xx_HAL_Driver/Src/stm32f3xx_ll_gpio.o
 .debug_macro   0x0001ab8a      0x1df ./Drivers/STM32F3xx_HAL_Driver/Src/stm32f3xx_ll_i2c.o
 .debug_macro   0x0001ad69      0x247 ./Drivers/STM32F3xx_HAL_Driver/Src/stm32f3xx_ll_i2c.o
 .debug_macro   0x0001afb0      0x1d1 ./Drivers/STM32F3xx_HAL_Driver/Src/stm32f3xx_ll_rcc.o
 .debug_macro   0x0001b181      0x4bc ./Drivers/STM32F3xx_HAL_Driver/Src/stm32f3xx_ll_rcc.o
 .debug_macro   0x0001b63d      0x212 ./Drivers/STM32F3xx_HAL_Driver/Src/stm32f3xx_ll_usart.o
 .debug_macro   0x0001b84f      0x2f1 ./Drivers/STM32F3xx_HAL_Driver/Src/stm32f3xx_ll_usart.o
 .debug_macro   0x0001bb40      0x21b ./Drivers/STM32F3xx_HAL_Driver/Src/stm32f3xx_ll_utils.o
 .debug_macro   0x0001bd5b      0x223 ./HTS221/HTS221.o
 .debug_macro   0x0001bf7e       0x28 ./HTS221/HTS221.o

.debug_line     0x00000000     0xa035
 .debug_line    0x00000000      0x8e2 ./Core/Src/dma.o
 .debug_line    0x000008e2      0x824 ./Core/Src/gpio.o
 .debug_line    0x00001106      0xcd2 ./Core/Src/i2c.o
 .debug_line    0x00001dd8      0xaf9 ./Core/Src/main.o
 .debug_line    0x000028d1      0x805 ./Core/Src/stm32f3xx_hal_msp.o
 .debug_line    0x000030d6      0x913 ./Core/Src/stm32f3xx_it.o
 .debug_line    0x000039e9      0x780 ./Core/Src/system_stm32f3xx.o
 .debug_line    0x00004169      0xd4e ./Core/Src/usart.o
 .debug_line    0x00004eb7       0x7a ./Core/Startup/startup_stm32f303k8tx.o
 .debug_line    0x00004f31      0x9b8 ./Drivers/STM32F3xx_HAL_Driver/Src/stm32f3xx_hal.o
 .debug_line    0x000058e9      0xb9e ./Drivers/STM32F3xx_HAL_Driver/Src/stm32f3xx_hal_cortex.o
 .debug_line    0x00006487      0x9c1 ./Drivers/STM32F3xx_HAL_Driver/Src/stm32f3xx_ll_gpio.o
 .debug_line    0x00006e48      0x8d6 ./Drivers/STM32F3xx_HAL_Driver/Src/stm32f3xx_ll_i2c.o
 .debug_line    0x0000771e      0xb7e ./Drivers/STM32F3xx_HAL_Driver/Src/stm32f3xx_ll_rcc.o
 .debug_line    0x0000829c      0x96c ./Drivers/STM32F3xx_HAL_Driver/Src/stm32f3xx_ll_usart.o
 .debug_line    0x00008c08      0xb9c ./Drivers/STM32F3xx_HAL_Driver/Src/stm32f3xx_ll_utils.o
 .debug_line    0x000097a4      0x891 ./HTS221/HTS221.o

.debug_str      0x00000000    0x9cfb3
 .debug_str     0x00000000    0x99870 ./Core/Src/dma.o
                              0x99f35 (size before relaxing)
 .debug_str     0x00099870       0x4d ./Core/Src/gpio.o
                              0x99ae2 (size before relaxing)
 .debug_str     0x000998bd      0x376 ./Core/Src/i2c.o
                              0x9a318 (size before relaxing)
 .debug_str     0x00099c33      0x396 ./Core/Src/main.o
                              0x99f7a (size before relaxing)
 .debug_str     0x00099fc9       0x2c ./Core/Src/stm32f3xx_hal_msp.o
                              0x99ac1 (size before relaxing)
 .debug_str     0x00099ff5      0x10d ./Core/Src/stm32f3xx_it.o
                              0x99b47 (size before relaxing)
 .debug_str     0x0009a102       0x7b ./Core/Src/system_stm32f3xx.o
                              0x91363 (size before relaxing)
 .debug_str     0x0009a17d      0x438 ./Core/Src/usart.o
                              0x9a4d9 (size before relaxing)
 .debug_str     0x0009a5b5       0x44 ./Core/Startup/startup_stm32f303k8tx.o
                                 0x86 (size before relaxing)
 .debug_str     0x0009a5f9      0x395 ./Drivers/STM32F3xx_HAL_Driver/Src/stm32f3xx_hal.o
                              0x91a53 (size before relaxing)
 .debug_str     0x0009a98e      0x1a4 ./Drivers/STM32F3xx_HAL_Driver/Src/stm32f3xx_hal_cortex.o
                              0x91978 (size before relaxing)
 .debug_str     0x0009ab32      0x62e ./Drivers/STM32F3xx_HAL_Driver/Src/stm32f3xx_ll_gpio.o
                              0x9267c (size before relaxing)
 .debug_str     0x0009b160      0x3e1 ./Drivers/STM32F3xx_HAL_Driver/Src/stm32f3xx_ll_i2c.o
                              0x92ccc (size before relaxing)
 .debug_str     0x0009b541      0x4f2 ./Drivers/STM32F3xx_HAL_Driver/Src/stm32f3xx_ll_rcc.o
                              0x93aea (size before relaxing)
 .debug_str     0x0009ba33      0x850 ./Drivers/STM32F3xx_HAL_Driver/Src/stm32f3xx_ll_usart.o
                              0x955e8 (size before relaxing)
 .debug_str     0x0009c283      0xc92 ./Drivers/STM32F3xx_HAL_Driver/Src/stm32f3xx_ll_utils.o
                              0x9636c (size before relaxing)
 .debug_str     0x0009cf15       0x9e ./HTS221/HTS221.o
                              0x99bd4 (size before relaxing)

.comment        0x00000000       0x43
 .comment       0x00000000       0x43 ./Core/Src/dma.o
                                 0x44 (size before relaxing)
 .comment       0x00000043       0x44 ./Core/Src/gpio.o
 .comment       0x00000043       0x44 ./Core/Src/i2c.o
 .comment       0x00000043       0x44 ./Core/Src/main.o
 .comment       0x00000043       0x44 ./Core/Src/stm32f3xx_hal_msp.o
 .comment       0x00000043       0x44 ./Core/Src/stm32f3xx_it.o
 .comment       0x00000043       0x44 ./Core/Src/system_stm32f3xx.o
 .comment       0x00000043       0x44 ./Core/Src/usart.o
 .comment       0x00000043       0x44 ./Drivers/STM32F3xx_HAL_Driver/Src/stm32f3xx_hal.o
 .comment       0x00000043       0x44 ./Drivers/STM32F3xx_HAL_Driver/Src/stm32f3xx_hal_cortex.o
 .comment       0x00000043       0x44 ./Drivers/STM32F3xx_HAL_Driver/Src/stm32f3xx_ll_gpio.o
 .comment       0x00000043       0x44 ./Drivers/STM32F3xx_HAL_Driver/Src/stm32f3xx_ll_i2c.o
 .comment       0x00000043       0x44 ./Drivers/STM32F3xx_HAL_Driver/Src/stm32f3xx_ll_rcc.o
 .comment       0x00000043       0x44 ./Drivers/STM32F3xx_HAL_Driver/Src/stm32f3xx_ll_usart.o
 .comment       0x00000043       0x44 ./Drivers/STM32F3xx_HAL_Driver/Src/stm32f3xx_ll_utils.o
 .comment       0x00000043       0x44 ./HTS221/HTS221.o

.debug_frame    0x00000000     0x256c
 .debug_frame   0x00000000       0xcc ./Core/Src/dma.o
 .debug_frame   0x000000cc       0x54 ./Core/Src/gpio.o
 .debug_frame   0x00000120      0x458 ./Core/Src/i2c.o
 .debug_frame   0x00000578      0x270 ./Core/Src/main.o
 .debug_frame   0x000007e8       0x38 ./Core/Src/stm32f3xx_hal_msp.o
 .debug_frame   0x00000820      0x184 ./Core/Src/stm32f3xx_it.o
 .debug_frame   0x000009a4       0x58 ./Core/Src/system_stm32f3xx.o
 .debug_frame   0x000009fc      0x52c ./Core/Src/usart.o
 .debug_frame   0x00000f28      0x334 ./Drivers/STM32F3xx_HAL_Driver/Src/stm32f3xx_hal.o
 .debug_frame   0x0000125c      0x428 ./Drivers/STM32F3xx_HAL_Driver/Src/stm32f3xx_hal_cortex.o
 .debug_frame   0x00001684      0x1c0 ./Drivers/STM32F3xx_HAL_Driver/Src/stm32f3xx_ll_gpio.o
 .debug_frame   0x00001844      0x238 ./Drivers/STM32F3xx_HAL_Driver/Src/stm32f3xx_ll_i2c.o
 .debug_frame   0x00001a7c      0x408 ./Drivers/STM32F3xx_HAL_Driver/Src/stm32f3xx_ll_rcc.o
 .debug_frame   0x00001e84      0x234 ./Drivers/STM32F3xx_HAL_Driver/Src/stm32f3xx_ll_usart.o
 .debug_frame   0x000020b8      0x3dc ./Drivers/STM32F3xx_HAL_Driver/Src/stm32f3xx_ll_utils.o
 .debug_frame   0x00002494       0xac ./HTS221/HTS221.o
 .debug_frame   0x00002540       0x2c C:/ST/STM32CubeIDE_1.16.1/STM32CubeIDE/plugins/com.st.stm32cube.ide.mcu.externaltools.gnu-tools-for-stm32.12.3.rel1.win32_1.0.200.202406191623/tools/bin/../lib/gcc/arm-none-eabi/12.3.1/../../../../arm-none-eabi/lib/thumb/v7e-m+fp/hard\libc_nano.a(libc_a-init.o)

.debug_line_str
                0x00000000       0x6a
 .debug_line_str
                0x00000000       0x6a ./Core/Startup/startup_stm32f303k8tx.o
